// Jest Snapshot v1, https://goo.gl/fbAQLP

exports[`Developer snapshot 1`] = `
<ContextProvider
  value={
    Object {
      "store": Object {
        "dispatch": [Function],
        "getState": [Function],
        "replaceReducer": [Function],
        "subscribe": [Function],
        Symbol(observable): [Function],
      },
      "storeState": Object {
        "setData": Object {
          "data": Array [],
          "flag": false,
          "storyList": Array [],
          "votedList": Array [],
        },
      },
    }
  }
>
  <withRouter(Connect(Developer)) />
</ContextProvider>
`;
