// Jest Snapshot v1, https://goo.gl/fbAQLP

exports[`MainPage snapshot 1`] = `
<ContextProvider
  value={
    Object {
      "store": Object {
        "dispatch": [Function],
        "getState": [Function],
        "replaceReducer": [Function],
        "subscribe": [Function],
        Symbol(observable): [Function],
      },
      "storeState": Object {
        "charDetails": Object {
          "detailsOfChar": Array [],
          "flag": false,
        },
      },
    }
  }
>
  <MainPage />
</ContextProvider>
`;
